Using username "centos".
Authenticating with public key "imported-openssh-key"
[centos@ip-10-0-1-23 ~]$ git -version
-bash: git: command not found
[centos@ip-10-0-1-23 ~]$ sudo yum install -y git
Loaded plugins: fastestmirror
Determining fastest mirrors
 * base: mirrors.cat.pdx.edu
 * extras: mirrors.cat.pdx.edu
 * updates: mirrors.cat.pdx.edu
base                                                     | 3.6 kB     00:00
extras                                                   | 3.4 kB     00:00
updates                                                  | 3.4 kB     00:00
(1/4): extras/7/x86_64/primary_db                          | 156 kB   00:00
(2/4): updates/7/x86_64/primary_db                         | 1.3 MB   00:00
(3/4): base/7/x86_64/group_gz                              | 166 kB   00:00
(4/4): base/7/x86_64/primary_db                            | 6.0 MB   00:00
Resolving Dependencies
--> Running transaction check
---> Package git.x86_64 0:1.8.3.1-20.el7 will be installed
--> Processing Dependency: perl-Git = 1.8.3.1-20.el7 for package: git-1.8.3.1-20                                                                                        .el7.x86_64
--> Processing Dependency: perl >= 5.008 for package: git-1.8.3.1-20.el7.x86_64
--> Processing Dependency: perl(warnings) for package: git-1.8.3.1-20.el7.x86_64
--> Processing Dependency: perl(vars) for package: git-1.8.3.1-20.el7.x86_64
--> Processing Dependency: perl(strict) for package: git-1.8.3.1-20.el7.x86_64
--> Processing Dependency: perl(lib) for package: git-1.8.3.1-20.el7.x86_64
--> Processing Dependency: perl(Term::ReadKey) for package: git-1.8.3.1-20.el7.x                                                                                        86_64
--> Processing Dependency: perl(Git) for package: git-1.8.3.1-20.el7.x86_64
--> Processing Dependency: perl(Getopt::Long) for package: git-1.8.3.1-20.el7.x8                                                                                        6_64
--> Processing Dependency: perl(File::stat) for package: git-1.8.3.1-20.el7.x86_                                                                                        64
--> Processing Dependency: perl(File::Temp) for package: git-1.8.3.1-20.el7.x86_                                                                                        64
--> Processing Dependency: perl(File::Spec) for package: git-1.8.3.1-20.el7.x86_                                                                                        64
--> Processing Dependency: perl(File::Path) for package: git-1.8.3.1-20.el7.x86_                                                                                        64
--> Processing Dependency: perl(File::Find) for package: git-1.8.3.1-20.el7.x86_                                                                                        64
--> Processing Dependency: perl(File::Copy) for package: git-1.8.3.1-20.el7.x86_                                                                                        64
--> Processing Dependency: perl(File::Basename) for package: git-1.8.3.1-20.el7.                                                                                        x86_64
--> Processing Dependency: perl(Exporter) for package: git-1.8.3.1-20.el7.x86_64
--> Processing Dependency: perl(Error) for package: git-1.8.3.1-20.el7.x86_64
--> Processing Dependency: /usr/bin/perl for package: git-1.8.3.1-20.el7.x86_64
--> Running transaction check
---> Package perl.x86_64 4:5.16.3-293.el7 will be installed
--> Processing Dependency: perl-libs = 4:5.16.3-293.el7 for package: 4:perl-5.16                                                                                        .3-293.el7.x86_64
--> Processing Dependency: perl(Socket) >= 1.3 for package: 4:perl-5.16.3-293.el                                                                                        7.x86_64
--> Processing Dependency: perl(Scalar::Util) >= 1.10 for package: 4:perl-5.16.3                                                                                        -293.el7.x86_64
--> Processing Dependency: perl-macros for package: 4:perl-5.16.3-293.el7.x86_64
--> Processing Dependency: perl-libs for package: 4:perl-5.16.3-293.el7.x86_64
--> Processing Dependency: perl(threads::shared) for package: 4:perl-5.16.3-293.                                                                                        el7.x86_64
--> Processing Dependency: perl(threads) for package: 4:perl-5.16.3-293.el7.x86_                                                                                        64
--> Processing Dependency: perl(constant) for package: 4:perl-5.16.3-293.el7.x86                                                                                        _64
--> Processing Dependency: perl(Time::Local) for package: 4:perl-5.16.3-293.el7.                                                                                        x86_64
--> Processing Dependency: perl(Time::HiRes) for package: 4:perl-5.16.3-293.el7.                                                                                        x86_64
--> Processing Dependency: perl(Storable) for package: 4:perl-5.16.3-293.el7.x86                                                                                        _64
--> Processing Dependency: perl(Socket) for package: 4:perl-5.16.3-293.el7.x86_6                                                                                        4
--> Processing Dependency: perl(Scalar::Util) for package: 4:perl-5.16.3-293.el7                                                                                        .x86_64
--> Processing Dependency: perl(Pod::Simple::XHTML) for package: 4:perl-5.16.3-2                                                                                        93.el7.x86_64
--> Processing Dependency: perl(Pod::Simple::Search) for package: 4:perl-5.16.3-                                                                                        293.el7.x86_64
--> Processing Dependency: perl(Filter::Util::Call) for package: 4:perl-5.16.3-2                                                                                        93.el7.x86_64
--> Processing Dependency: perl(Carp) for package: 4:perl-5.16.3-293.el7.x86_64
--> Processing Dependency: libperl.so()(64bit) for package: 4:perl-5.16.3-293.el                                                                                        7.x86_64
---> Package perl-Error.noarch 1:0.17020-2.el7 will be installed
---> Package perl-Exporter.noarch 0:5.68-3.el7 will be installed
---> Package perl-File-Path.noarch 0:2.09-2.el7 will be installed
---> Package perl-File-Temp.noarch 0:0.23.01-3.el7 will be installed
---> Package perl-Getopt-Long.noarch 0:2.40-3.el7 will be installed
--> Processing Dependency: perl(Pod::Usage) >= 1.14 for package: perl-Getopt-Lon                                                                                        g-2.40-3.el7.noarch
--> Processing Dependency: perl(Text::ParseWords) for package: perl-Getopt-Long-                                                                                        2.40-3.el7.noarch
---> Package perl-Git.noarch 0:1.8.3.1-20.el7 will be installed
---> Package perl-PathTools.x86_64 0:3.40-5.el7 will be installed
---> Package perl-TermReadKey.x86_64 0:2.30-20.el7 will be installed
--> Running transaction check
---> Package perl-Carp.noarch 0:1.26-244.el7 will be installed
---> Package perl-Filter.x86_64 0:1.49-3.el7 will be installed
---> Package perl-Pod-Simple.noarch 1:3.28-4.el7 will be installed
--> Processing Dependency: perl(Pod::Escapes) >= 1.04 for package: 1:perl-Pod-Si                                                                                        mple-3.28-4.el7.noarch
--> Processing Dependency: perl(Encode) for package: 1:perl-Pod-Simple-3.28-4.el                                                                                        7.noarch
---> Package perl-Pod-Usage.noarch 0:1.63-3.el7 will be installed
--> Processing Dependency: perl(Pod::Text) >= 3.15 for package: perl-Pod-Usage-1                                                                                        .63-3.el7.noarch
--> Processing Dependency: perl-Pod-Perldoc for package: perl-Pod-Usage-1.63-3.e                                                                                        l7.noarch
---> Package perl-Scalar-List-Utils.x86_64 0:1.27-248.el7 will be installed
---> Package perl-Socket.x86_64 0:2.010-4.el7 will be installed
---> Package perl-Storable.x86_64 0:2.45-3.el7 will be installed
---> Package perl-Text-ParseWords.noarch 0:3.29-4.el7 will be installed
---> Package perl-Time-HiRes.x86_64 4:1.9725-3.el7 will be installed
---> Package perl-Time-Local.noarch 0:1.2300-2.el7 will be installed
---> Package perl-constant.noarch 0:1.27-2.el7 will be installed
---> Package perl-libs.x86_64 4:5.16.3-293.el7 will be installed
---> Package perl-macros.x86_64 4:5.16.3-293.el7 will be installed
---> Package perl-threads.x86_64 0:1.87-4.el7 will be installed
---> Package perl-threads-shared.x86_64 0:1.43-6.el7 will be installed
--> Running transaction check
---> Package perl-Encode.x86_64 0:2.51-7.el7 will be installed
---> Package perl-Pod-Escapes.noarch 1:1.04-293.el7 will be installed
---> Package perl-Pod-Perldoc.noarch 0:3.20-4.el7 will be installed
--> Processing Dependency: perl(parent) for package: perl-Pod-Perldoc-3.20-4.el7                                                                                        .noarch
--> Processing Dependency: perl(HTTP::Tiny) for package: perl-Pod-Perldoc-3.20-4                                                                                        .el7.noarch
---> Package perl-podlators.noarch 0:2.5.1-3.el7 will be installed
--> Running transaction check
---> Package perl-HTTP-Tiny.noarch 0:0.033-3.el7 will be installed
---> Package perl-parent.noarch 1:0.225-244.el7 will be installed
--> Finished Dependency Resolution

Dependencies Resolved

================================================================================
 Package                    Arch       Version                Repository   Size
================================================================================
Installing:
 git                        x86_64     1.8.3.1-20.el7         updates     4.4 M
Installing for dependencies:
 perl                       x86_64     4:5.16.3-293.el7       base        8.0 M
 perl-Carp                  noarch     1.26-244.el7           base         19 k
 perl-Encode                x86_64     2.51-7.el7             base        1.5 M
 perl-Error                 noarch     1:0.17020-2.el7        base         32 k
 perl-Exporter              noarch     5.68-3.el7             base         28 k
 perl-File-Path             noarch     2.09-2.el7             base         26 k
 perl-File-Temp             noarch     0.23.01-3.el7          base         56 k
 perl-Filter                x86_64     1.49-3.el7             base         76 k
 perl-Getopt-Long           noarch     2.40-3.el7             base         56 k
 perl-Git                   noarch     1.8.3.1-20.el7         updates      55 k
 perl-HTTP-Tiny             noarch     0.033-3.el7            base         38 k
 perl-PathTools             x86_64     3.40-5.el7             base         82 k
 perl-Pod-Escapes           noarch     1:1.04-293.el7         base         51 k
 perl-Pod-Perldoc           noarch     3.20-4.el7             base         87 k
 perl-Pod-Simple            noarch     1:3.28-4.el7           base        216 k
 perl-Pod-Usage             noarch     1.63-3.el7             base         27 k
 perl-Scalar-List-Utils     x86_64     1.27-248.el7           base         36 k
 perl-Socket                x86_64     2.010-4.el7            base         49 k
 perl-Storable              x86_64     2.45-3.el7             base         77 k
 perl-TermReadKey           x86_64     2.30-20.el7            base         31 k
 perl-Text-ParseWords       noarch     3.29-4.el7             base         14 k
 perl-Time-HiRes            x86_64     4:1.9725-3.el7         base         45 k
 perl-Time-Local            noarch     1.2300-2.el7           base         24 k
 perl-constant              noarch     1.27-2.el7             base         19 k
 perl-libs                  x86_64     4:5.16.3-293.el7       base        688 k
 perl-macros                x86_64     4:5.16.3-293.el7       base         44 k
 perl-parent                noarch     1:0.225-244.el7        base         12 k
 perl-podlators             noarch     2.5.1-3.el7            base        112 k
 perl-threads               x86_64     1.87-4.el7             base         49 k
 perl-threads-shared        x86_64     1.43-6.el7             base         39 k

Transaction Summary
================================================================================
Install  1 Package (+30 Dependent packages)

Total download size: 16 M
Installed size: 59 M
Downloading packages:
warning: /var/cache/yum/x86_64/7/base/packages/perl-Carp-1.26-244.el7.noarch.rpm                                                                                        : Header V3 RSA/SHA256 Signature, key ID f4a80eb5: NOKEY
Public key for perl-Carp-1.26-244.el7.noarch.rpm is not installed
(1/31): perl-Carp-1.26-244.el7.noarch.rpm                  |  19 kB   00:00
(2/31): perl-Error-0.17020-2.el7.noarch.rpm                |  32 kB   00:00
(3/31): perl-Exporter-5.68-3.el7.noarch.rpm                |  28 kB   00:00
(4/31): perl-File-Path-2.09-2.el7.noarch.rpm               |  26 kB   00:00
Public key for git-1.8.3.1-20.el7.x86_64.rpm is not installed
(5/31): git-1.8.3.1-20.el7.x86_64.rpm                      | 4.4 MB   00:00
(6/31): perl-File-Temp-0.23.01-3.el7.noarch.rpm            |  56 kB   00:00
(7/31): perl-Filter-1.49-3.el7.x86_64.rpm                  |  76 kB   00:00
(8/31): perl-5.16.3-293.el7.x86_64.rpm                     | 8.0 MB   00:00
(9/31): perl-Getopt-Long-2.40-3.el7.noarch.rpm             |  56 kB   00:00
(10/31): perl-HTTP-Tiny-0.033-3.el7.noarch.rpm             |  38 kB   00:00
(11/31): perl-PathTools-3.40-5.el7.x86_64.rpm              |  82 kB   00:00
(12/31): perl-Pod-Escapes-1.04-293.el7.noarch.rpm          |  51 kB   00:00
(13/31): perl-Git-1.8.3.1-20.el7.noarch.rpm                |  55 kB   00:00
(14/31): perl-Pod-Simple-3.28-4.el7.noarch.rpm             | 216 kB   00:00
(15/31): perl-Pod-Perldoc-3.20-4.el7.noarch.rpm            |  87 kB   00:00
(16/31): perl-Encode-2.51-7.el7.x86_64.rpm                 | 1.5 MB   00:00
(17/31): perl-Scalar-List-Utils-1.27-248.el7.x86_64.rpm    |  36 kB   00:00
(18/31): perl-Socket-2.010-4.el7.x86_64.rpm                |  49 kB   00:00
(19/31): perl-Pod-Usage-1.63-3.el7.noarch.rpm              |  27 kB   00:00
(20/31): perl-Storable-2.45-3.el7.x86_64.rpm               |  77 kB   00:00
(21/31): perl-TermReadKey-2.30-20.el7.x86_64.rpm           |  31 kB   00:00
(22/31): perl-Text-ParseWords-3.29-4.el7.noarch.rpm        |  14 kB   00:00
(23/31): perl-Time-HiRes-1.9725-3.el7.x86_64.rpm           |  45 kB   00:00
(24/31): perl-Time-Local-1.2300-2.el7.noarch.rpm           |  24 kB   00:00
(25/31): perl-macros-5.16.3-293.el7.x86_64.rpm             |  44 kB   00:00
(26/31): perl-constant-1.27-2.el7.noarch.rpm               |  19 kB   00:00
(27/31): perl-parent-0.225-244.el7.noarch.rpm              |  12 kB   00:00
(28/31): perl-podlators-2.5.1-3.el7.noarch.rpm             | 112 kB   00:00
(29/31): perl-threads-1.87-4.el7.x86_64.rpm                |  49 kB   00:00
(30/31): perl-threads-shared-1.43-6.el7.x86_64.rpm         |  39 kB   00:00
(31/31): perl-libs-5.16.3-293.el7.x86_64.rpm               | 688 kB   00:00
--------------------------------------------------------------------------------
Total                                               15 MB/s |  16 MB  00:01
Retrieving key from file:///etc/pki/rpm-gpg/RPM-GPG-KEY-CentOS-7
Importing GPG key 0xF4A80EB5:
 Userid     : "CentOS-7 Key (CentOS 7 Official Signing Key) <security@centos.org                                                                                        >"
 Fingerprint: 6341 ab27 53d7 8a78 a7c2 7bb1 24c6 a8a7 f4a8 0eb5
 Package    : centos-release-7-5.1804.el7.centos.2.x86_64 (installed)
 From       : /etc/pki/rpm-gpg/RPM-GPG-KEY-CentOS-7
Running transaction check
Running transaction test
Transaction test succeeded
Running transaction
  Installing : 1:perl-parent-0.225-244.el7.noarch                          1/31
  Installing : perl-HTTP-Tiny-0.033-3.el7.noarch                           2/31
  Installing : perl-podlators-2.5.1-3.el7.noarch                           3/31
  Installing : perl-Pod-Perldoc-3.20-4.el7.noarch                          4/31
  Installing : 1:perl-Pod-Escapes-1.04-293.el7.noarch                      5/31
  Installing : perl-Encode-2.51-7.el7.x86_64                               6/31
  Installing : perl-Text-ParseWords-3.29-4.el7.noarch                      7/31
  Installing : perl-Pod-Usage-1.63-3.el7.noarch                            8/31
  Installing : 4:perl-macros-5.16.3-293.el7.x86_64                         9/31
  Installing : perl-Storable-2.45-3.el7.x86_64                            10/31
  Installing : perl-Exporter-5.68-3.el7.noarch                            11/31
  Installing : perl-constant-1.27-2.el7.noarch                            12/31
  Installing : perl-Time-Local-1.2300-2.el7.noarch                        13/31
  Installing : perl-Socket-2.010-4.el7.x86_64                             14/31
  Installing : perl-Carp-1.26-244.el7.noarch                              15/31
  Installing : 4:perl-Time-HiRes-1.9725-3.el7.x86_64                      16/31
  Installing : perl-PathTools-3.40-5.el7.x86_64                           17/31
  Installing : perl-Scalar-List-Utils-1.27-248.el7.x86_64                 18/31
  Installing : perl-File-Temp-0.23.01-3.el7.noarch                        19/31
  Installing : perl-File-Path-2.09-2.el7.noarch                           20/31
  Installing : perl-threads-shared-1.43-6.el7.x86_64                      21/31
  Installing : perl-threads-1.87-4.el7.x86_64                             22/31
  Installing : perl-Filter-1.49-3.el7.x86_64                              23/31
  Installing : 4:perl-libs-5.16.3-293.el7.x86_64                          24/31
  Installing : 1:perl-Pod-Simple-3.28-4.el7.noarch                        25/31
  Installing : perl-Getopt-Long-2.40-3.el7.noarch                         26/31
  Installing : 4:perl-5.16.3-293.el7.x86_64                               27/31
  Installing : 1:perl-Error-0.17020-2.el7.noarch                          28/31
  Installing : perl-TermReadKey-2.30-20.el7.x86_64                        29/31
  Installing : perl-Git-1.8.3.1-20.el7.noarch                             30/31
  Installing : git-1.8.3.1-20.el7.x86_64                                  31/31
  Verifying  : perl-HTTP-Tiny-0.033-3.el7.noarch                           1/31
  Verifying  : perl-threads-shared-1.43-6.el7.x86_64                       2/31
  Verifying  : perl-Storable-2.45-3.el7.x86_64                             3/31
  Verifying  : perl-Exporter-5.68-3.el7.noarch                             4/31
  Verifying  : perl-constant-1.27-2.el7.noarch                             5/31
  Verifying  : perl-PathTools-3.40-5.el7.x86_64                            6/31
  Verifying  : 4:perl-macros-5.16.3-293.el7.x86_64                         7/31
  Verifying  : 1:perl-parent-0.225-244.el7.noarch                          8/31
  Verifying  : perl-TermReadKey-2.30-20.el7.x86_64                         9/31
  Verifying  : perl-File-Temp-0.23.01-3.el7.noarch                        10/31
  Verifying  : perl-Git-1.8.3.1-20.el7.noarch                             11/31
  Verifying  : perl-Time-Local-1.2300-2.el7.noarch                        12/31
  Verifying  : 1:perl-Pod-Escapes-1.04-293.el7.noarch                     13/31
  Verifying  : perl-Socket-2.010-4.el7.x86_64                             14/31
  Verifying  : perl-Carp-1.26-244.el7.noarch                              15/31
  Verifying  : 1:perl-Error-0.17020-2.el7.noarch                          16/31
  Verifying  : git-1.8.3.1-20.el7.x86_64                                  17/31
  Verifying  : 4:perl-Time-HiRes-1.9725-3.el7.x86_64                      18/31
  Verifying  : perl-Scalar-List-Utils-1.27-248.el7.x86_64                 19/31
  Verifying  : perl-Pod-Usage-1.63-3.el7.noarch                           20/31
  Verifying  : perl-Encode-2.51-7.el7.x86_64                              21/31
  Verifying  : perl-Pod-Perldoc-3.20-4.el7.noarch                         22/31
  Verifying  : perl-podlators-2.5.1-3.el7.noarch                          23/31
  Verifying  : 4:perl-5.16.3-293.el7.x86_64                               24/31
  Verifying  : perl-File-Path-2.09-2.el7.noarch                           25/31
  Verifying  : perl-threads-1.87-4.el7.x86_64                             26/31
  Verifying  : 1:perl-Pod-Simple-3.28-4.el7.noarch                        27/31
  Verifying  : perl-Filter-1.49-3.el7.x86_64                              28/31
  Verifying  : perl-Getopt-Long-2.40-3.el7.noarch                         29/31
  Verifying  : perl-Text-ParseWords-3.29-4.el7.noarch                     30/31
  Verifying  : 4:perl-libs-5.16.3-293.el7.x86_64                          31/31

Installed:
  git.x86_64 0:1.8.3.1-20.el7

Dependency Installed:
  perl.x86_64 4:5.16.3-293.el7
  perl-Carp.noarch 0:1.26-244.el7
  perl-Encode.x86_64 0:2.51-7.el7
  perl-Error.noarch 1:0.17020-2.el7
  perl-Exporter.noarch 0:5.68-3.el7
  perl-File-Path.noarch 0:2.09-2.el7
  perl-File-Temp.noarch 0:0.23.01-3.el7
  perl-Filter.x86_64 0:1.49-3.el7
  perl-Getopt-Long.noarch 0:2.40-3.el7
  perl-Git.noarch 0:1.8.3.1-20.el7
  perl-HTTP-Tiny.noarch 0:0.033-3.el7
  perl-PathTools.x86_64 0:3.40-5.el7
  perl-Pod-Escapes.noarch 1:1.04-293.el7
  perl-Pod-Perldoc.noarch 0:3.20-4.el7
  perl-Pod-Simple.noarch 1:3.28-4.el7
  perl-Pod-Usage.noarch 0:1.63-3.el7
  perl-Scalar-List-Utils.x86_64 0:1.27-248.el7
  perl-Socket.x86_64 0:2.010-4.el7
  perl-Storable.x86_64 0:2.45-3.el7
  perl-TermReadKey.x86_64 0:2.30-20.el7
  perl-Text-ParseWords.noarch 0:3.29-4.el7
  perl-Time-HiRes.x86_64 4:1.9725-3.el7
  perl-Time-Local.noarch 0:1.2300-2.el7
  perl-constant.noarch 0:1.27-2.el7
  perl-libs.x86_64 4:5.16.3-293.el7
  perl-macros.x86_64 4:5.16.3-293.el7
  perl-parent.noarch 1:0.225-244.el7
  perl-podlators.noarch 0:2.5.1-3.el7
  perl-threads.x86_64 0:1.87-4.el7
  perl-threads-shared.x86_64 0:1.43-6.el7

Complete!
[centos@ip-10-0-1-23 ~]$ git --version
git version 1.8.3.1
[centos@ip-10-0-1-23 ~]$ git config --global user.name "srini"
[centos@ip-10-0-1-23 ~]$ git config --global user.email nmsrinivas@gmail.com
[centos@ip-10-0-1-23 ~]$ ssh-keygen -t rsa -b 4096
Generating public/private rsa key pair.
Enter file in which to save the key (/home/centos/.ssh/id_rsa):
Enter passphrase (empty for no passphrase):
Enter same passphrase again:
Your identification has been saved in /home/centos/.ssh/id_rsa.
Your public key has been saved in /home/centos/.ssh/id_rsa.pub.
The key fingerprint is:
SHA256:/9I6ROnG8KNIBViJqcj8Ds3e+lVlfF84SjJAKW5RbCc centos@ip-10-0-1-23.us-west-2                                                                                        .compute.internal
The key's randomart image is:
+---[RSA 4096]----+
|     =.=+.       |
|    + = E.o    . |
|o. . . = oo=..o .|
|.o.   o o =+.....|
|  +  . .SB  .  . |
| . +  . ..B      |
|  + .. o +.o     |
|   o .o . o..    |
|   .o.    .+.    |
+----[SHA256]-----+
[centos@ip-10-0-1-23 ~]$
[centos@ip-10-0-1-23 ~]$ cat /home/centos/.ssh/id_rsa.pub
ssh-rsa AAAAB3NzaC1yc2EAAAADAQABAAACAQDJyhq3jVQZgIMbKMAVUQpNW1kP2YiizryypUMbc2vb                                                                                        iGQrsDXS/HjZGrTfWSrStKAO7p+z5tJ5yS75ceJMaFzyGYO2tO1yYX8ZsffGhomCaZ1xg3ctK+CwGrKL                                                                                        D/R24Wox8OOUq2C2MpDDRi9jcVQcj5Uz3WCnI1ztSK6j+9P5J/iNh4eReQpIbB/bVNde7nSFp6Sq8i4i                                                                                        sgp+DJBkUHheUO04Urqcx4yUzsZ/wUU3E0i9lEt6x/Z6dR/OG0Pu4maV2nvipJNEiNKQNgts3McSEiiF                                                                                        h7XUdXfZ92tRQy+Pb8Zm4GGGugH8gaBOP1Xw2XNLSQ7t6hcUEdTjs9fpLQ/iajCp9KM+FDcHXD0K3KKE                                                                                        NtOby/yYBYw/p14EZBWsl8HSNNtMLx8lCCT3qR7IYN254fDSt3r/g+uk2Bx0nGVeL88CrvlVpe18x1xe                                                                                        X+gu0CXwQJ6tGFKHAi7j/n2BXe3UQAJRDQ1sQla0GLaGKjA0NoACmJM6p+WBRWUCmf/Fkya7THWq1T+Q                                                                                        bjzgxlqVYEBlptQ1SEFkurBTE/DbqfhrXlQMcDMr4Tk+g5UN/1PFBXYB1wept5lA3LuVtaxowCkH95as                                                                                        /R/3UJzkPKeJR0d++g8oUy2mEmm2DQ1zaavicrKiY3j4K+rb43hOKh3Np9DXAawmOhBF1S10kI6ukAzA                                                                                        Yw== centos@ip-10-0-1-23.us-west-2.compute.internal
[centos@ip-10-0-1-23 ~]$ git clone git@github.com:nmsrinivas/cicd-pipeline-gradl                                                                                        e.git
Cloning into 'cicd-pipeline-gradle'...
The authenticity of host 'github.com (192.30.255.113)' can't be established.
RSA key fingerprint is SHA256:nThbg6kXUpJWGl7E1IGOCspRomTxdCARLviKw6E5SY8.
RSA key fingerprint is MD5:16:27:ac:a5:76:28:2d:36:63:1b:56:4d:eb:df:a6:48.
Are you sure you want to continue connecting (yes/no)? yes
Warning: Permanently added 'github.com,192.30.255.113' (RSA) to the list of know                                                                                        n hosts.
remote: Enumerating objects: 7, done.
remote: Counting objects: 100% (7/7), done.
remote: Compressing objects: 100% (6/6), done.
remote: Total 45 (delta 1), reused 5 (delta 1), pack-reused 38
Receiving objects: 100% (45/45), 87.63 KiB | 0 bytes/s, done.
Resolving deltas: 100% (4/4), done.
[centos@ip-10-0-1-23 ~]$ ls
cicd-pipeline-gradle
[centos@ip-10-0-1-23 ~]$ cd cicd-pipeline-gradle/
[centos@ip-10-0-1-23 cicd-pipeline-gradle]$ git chekout -b trailbranch
git: 'chekout' is not a git command. See 'git --help'.

Did you mean this?
        checkout
[centos@ip-10-0-1-23 cicd-pipeline-gradle]$ git checkout -b trailbranch
Switched to a new branch 'trailbranch'
[centos@ip-10-0-1-23 cicd-pipeline-gradle]$ git status
# On branch trailbranch
nothing to commit, working directory clean
[centos@ip-10-0-1-23 cicd-pipeline-gradle]$ ls -al
total 196
drwxrwxr-x. 10 centos centos    279 Dec 12 04:28 .
drwx------.  4 centos centos    120 Dec 12 04:27 ..
-rw-rw-r--.  1 centos centos   1079 Dec 12 04:28 app.js
drwxrwxr-x.  2 centos centos     17 Dec 12 04:28 bin
-rw-rw-r--.  1 centos centos    442 Dec 12 04:28 build.gradle
drwxrwxr-x.  2 centos centos     25 Dec 12 04:28 data
drwxrwxr-x.  8 centos centos    163 Dec 12 04:30 .git
-rw-rw-r--.  1 centos centos     26 Dec 12 04:28 .gitignore
drwxrwxr-x.  3 centos centos     21 Dec 12 04:28 gradle
-rwxrwxr-x.  1 centos centos   5296 Dec 12 04:28 gradlew
-rw-rw-r--.  1 centos centos   2260 Dec 12 04:28 gradlew.bat
-rw-rw-r--.  1 centos centos    482 Dec 12 04:28 package.json
-rw-rw-r--.  1 centos centos 160017 Dec 12 04:28 package-lock.json
drwxrwxr-x.  4 centos centos     44 Dec 12 04:28 public
-rw-rw-r--.  1 centos centos    571 Dec 12 04:28 README.md
drwxrwxr-x.  2 centos centos     39 Dec 12 04:28 routes
-rw-rw-r--.  1 centos centos    367 Dec 12 04:28 settings.gradle
drwxrwxr-x.  2 centos centos     27 Dec 12 04:28 test
drwxrwxr-x.  2 centos centos     61 Dec 12 04:28 views
[centos@ip-10-0-1-23 cicd-pipeline-gradle]$ ./gradlew build

ERROR: JAVA_HOME is not set and no 'java' command could be found in your PATH.

Please set the JAVA_HOME variable in your environment to match the
location of your Java installation.

[centos@ip-10-0-1-23 cicd-pipeline-gradle]$ sudo yum -y install unzip java-1.8.0                                                                                        -openjdk
Loaded plugins: fastestmirror
Loading mirror speeds from cached hostfile
 * base: mirrors.cat.pdx.edu
 * extras: mirrors.cat.pdx.edu
 * updates: mirrors.cat.pdx.edu
Resolving Dependencies
--> Running transaction check
---> Package java-1.8.0-openjdk.x86_64 1:1.8.0.191.b12-1.el7_6 will be installed
--> Processing Dependency: java-1.8.0-openjdk-headless(x86-64) = 1:1.8.0.191.b12                                                                                        -1.el7_6 for package: 1:java-1.8.0-openjdk-1.8.0.191.b12-1.el7_6.x86_64
--> Processing Dependency: xorg-x11-fonts-Type1 for package: 1:java-1.8.0-openjd                                                                                        k-1.8.0.191.b12-1.el7_6.x86_64
--> Processing Dependency: libpng15.so.15(PNG15_0)(64bit) for package: 1:java-1.                                                                                        8.0-openjdk-1.8.0.191.b12-1.el7_6.x86_64
--> Processing Dependency: libjvm.so(SUNWprivate_1.1)(64bit) for package: 1:java                                                                                        -1.8.0-openjdk-1.8.0.191.b12-1.el7_6.x86_64
--> Processing Dependency: libjpeg.so.62(LIBJPEG_6.2)(64bit) for package: 1:java                                                                                        -1.8.0-openjdk-1.8.0.191.b12-1.el7_6.x86_64
--> Processing Dependency: libjava.so(SUNWprivate_1.1)(64bit) for package: 1:jav                                                                                        a-1.8.0-openjdk-1.8.0.191.b12-1.el7_6.x86_64
--> Processing Dependency: libasound.so.2(ALSA_0.9.0rc4)(64bit) for package: 1:j                                                                                        ava-1.8.0-openjdk-1.8.0.191.b12-1.el7_6.x86_64
--> Processing Dependency: libasound.so.2(ALSA_0.9)(64bit) for package: 1:java-1                                                                                        .8.0-openjdk-1.8.0.191.b12-1.el7_6.x86_64
--> Processing Dependency: fontconfig(x86-64) for package: 1:java-1.8.0-openjdk-                                                                                        1.8.0.191.b12-1.el7_6.x86_64
--> Processing Dependency: libpng15.so.15()(64bit) for package: 1:java-1.8.0-ope                                                                                        njdk-1.8.0.191.b12-1.el7_6.x86_64
--> Processing Dependency: libjvm.so()(64bit) for package: 1:java-1.8.0-openjdk-                                                                                        1.8.0.191.b12-1.el7_6.x86_64
--> Processing Dependency: libjpeg.so.62()(64bit) for package: 1:java-1.8.0-open                                                                                        jdk-1.8.0.191.b12-1.el7_6.x86_64
--> Processing Dependency: libjava.so()(64bit) for package: 1:java-1.8.0-openjdk                                                                                        -1.8.0.191.b12-1.el7_6.x86_64
--> Processing Dependency: libgif.so.4()(64bit) for package: 1:java-1.8.0-openjd                                                                                        k-1.8.0.191.b12-1.el7_6.x86_64
--> Processing Dependency: libasound.so.2()(64bit) for package: 1:java-1.8.0-ope                                                                                        njdk-1.8.0.191.b12-1.el7_6.x86_64
--> Processing Dependency: libXtst.so.6()(64bit) for package: 1:java-1.8.0-openj                                                                                        dk-1.8.0.191.b12-1.el7_6.x86_64
--> Processing Dependency: libXrender.so.1()(64bit) for package: 1:java-1.8.0-op                                                                                        enjdk-1.8.0.191.b12-1.el7_6.x86_64
--> Processing Dependency: libXi.so.6()(64bit) for package: 1:java-1.8.0-openjdk                                                                                        -1.8.0.191.b12-1.el7_6.x86_64
--> Processing Dependency: libXext.so.6()(64bit) for package: 1:java-1.8.0-openj                                                                                        dk-1.8.0.191.b12-1.el7_6.x86_64
--> Processing Dependency: libXcomposite.so.1()(64bit) for package: 1:java-1.8.0                                                                                        -openjdk-1.8.0.191.b12-1.el7_6.x86_64
--> Processing Dependency: libX11.so.6()(64bit) for package: 1:java-1.8.0-openjd                                                                                        k-1.8.0.191.b12-1.el7_6.x86_64
---> Package unzip.x86_64 0:6.0-19.el7 will be installed
--> Running transaction check
---> Package alsa-lib.x86_64 0:1.1.6-2.el7 will be installed
---> Package fontconfig.x86_64 0:2.13.0-4.3.el7 will be installed
--> Processing Dependency: freetype >= 2.8-7 for package: fontconfig-2.13.0-4.3.                                                                                        el7.x86_64
--> Processing Dependency: fontpackages-filesystem for package: fontconfig-2.13.                                                                                        0-4.3.el7.x86_64
--> Processing Dependency: dejavu-sans-fonts for package: fontconfig-2.13.0-4.3.                                                                                        el7.x86_64
---> Package giflib.x86_64 0:4.1.6-9.el7 will be installed
--> Processing Dependency: libSM.so.6()(64bit) for package: giflib-4.1.6-9.el7.x                                                                                        86_64
--> Processing Dependency: libICE.so.6()(64bit) for package: giflib-4.1.6-9.el7.                                                                                        x86_64
---> Package java-1.8.0-openjdk-headless.x86_64 1:1.8.0.191.b12-1.el7_6 will be                                                                                         installed
--> Processing Dependency: tzdata-java >= 2015d for package: 1:java-1.8.0-openjd                                                                                        k-headless-1.8.0.191.b12-1.el7_6.x86_64
--> Processing Dependency: copy-jdk-configs >= 2.2 for package: 1:java-1.8.0-ope                                                                                        njdk-headless-1.8.0.191.b12-1.el7_6.x86_64
--> Processing Dependency: lksctp-tools(x86-64) for package: 1:java-1.8.0-openjd                                                                                        k-headless-1.8.0.191.b12-1.el7_6.x86_64
--> Processing Dependency: jpackage-utils for package: 1:java-1.8.0-openjdk-head                                                                                        less-1.8.0.191.b12-1.el7_6.x86_64
---> Package libX11.x86_64 0:1.6.5-2.el7 will be installed
--> Processing Dependency: libX11-common >= 1.6.5-2.el7 for package: libX11-1.6.                                                                                        5-2.el7.x86_64
--> Processing Dependency: libxcb.so.1()(64bit) for package: libX11-1.6.5-2.el7.                                                                                        x86_64
---> Package libXcomposite.x86_64 0:0.4.4-4.1.el7 will be installed
---> Package libXext.x86_64 0:1.3.3-3.el7 will be installed
---> Package libXi.x86_64 0:1.7.9-1.el7 will be installed
---> Package libXrender.x86_64 0:0.9.10-1.el7 will be installed
---> Package libXtst.x86_64 0:1.2.3-1.el7 will be installed
---> Package libjpeg-turbo.x86_64 0:1.2.90-6.el7 will be installed
---> Package libpng.x86_64 2:1.5.13-7.el7_2 will be installed
---> Package xorg-x11-fonts-Type1.noarch 0:7.5-9.el7 will be installed
--> Processing Dependency: ttmkfdir for package: xorg-x11-fonts-Type1-7.5-9.el7.                                                                                        noarch
--> Processing Dependency: ttmkfdir for package: xorg-x11-fonts-Type1-7.5-9.el7.                                                                                        noarch
--> Processing Dependency: mkfontdir for package: xorg-x11-fonts-Type1-7.5-9.el7                                                                                        .noarch
--> Processing Dependency: mkfontdir for package: xorg-x11-fonts-Type1-7.5-9.el7                                                                                        .noarch
--> Running transaction check
---> Package copy-jdk-configs.noarch 0:3.3-10.el7_5 will be installed
---> Package dejavu-sans-fonts.noarch 0:2.33-6.el7 will be installed
--> Processing Dependency: dejavu-fonts-common = 2.33-6.el7 for package: dejavu-                                                                                        sans-fonts-2.33-6.el7.noarch
---> Package fontpackages-filesystem.noarch 0:1.44-8.el7 will be installed
---> Package freetype.x86_64 0:2.4.11-15.el7 will be updated
---> Package freetype.x86_64 0:2.8-12.el7 will be an update
---> Package javapackages-tools.noarch 0:3.4.1-11.el7 will be installed
--> Processing Dependency: python-javapackages = 3.4.1-11.el7 for package: javap                                                                                        ackages-tools-3.4.1-11.el7.noarch
--> Processing Dependency: libxslt for package: javapackages-tools-3.4.1-11.el7.                                                                                        noarch
---> Package libICE.x86_64 0:1.0.9-9.el7 will be installed
---> Package libSM.x86_64 0:1.2.2-2.el7 will be installed
---> Package libX11-common.noarch 0:1.6.5-2.el7 will be installed
---> Package libxcb.x86_64 0:1.13-1.el7 will be installed
--> Processing Dependency: libXau.so.6()(64bit) for package: libxcb-1.13-1.el7.x                                                                                        86_64
---> Package lksctp-tools.x86_64 0:1.0.17-2.el7 will be installed
---> Package ttmkfdir.x86_64 0:3.0.9-42.el7 will be installed
---> Package tzdata-java.noarch 0:2018g-1.el7 will be installed
---> Package xorg-x11-font-utils.x86_64 1:7.5-21.el7 will be installed
--> Processing Dependency: libfontenc.so.1()(64bit) for package: 1:xorg-x11-font                                                                                        -utils-7.5-21.el7.x86_64
--> Running transaction check
---> Package dejavu-fonts-common.noarch 0:2.33-6.el7 will be installed
---> Package libXau.x86_64 0:1.0.8-2.1.el7 will be installed
---> Package libfontenc.x86_64 0:1.1.3-3.el7 will be installed
---> Package libxslt.x86_64 0:1.1.28-5.el7 will be installed
---> Package python-javapackages.noarch 0:3.4.1-11.el7 will be installed
--> Processing Dependency: python-lxml for package: python-javapackages-3.4.1-11                                                                                        .el7.noarch
--> Running transaction check
---> Package python-lxml.x86_64 0:3.2.1-4.el7 will be installed
--> Finished Dependency Resolution

Dependencies Resolved

================================================================================
 Package                      Arch    Version                    Repository
                                                                           Size
================================================================================
Installing:
 java-1.8.0-openjdk           x86_64  1:1.8.0.191.b12-1.el7_6    updates  254 k
 unzip                        x86_64  6.0-19.el7                 base     170 k
Installing for dependencies:
 alsa-lib                     x86_64  1.1.6-2.el7                base     424 k
 copy-jdk-configs             noarch  3.3-10.el7_5               base      21 k
 dejavu-fonts-common          noarch  2.33-6.el7                 base      64 k
 dejavu-sans-fonts            noarch  2.33-6.el7                 base     1.4 M
 fontconfig                   x86_64  2.13.0-4.3.el7             base     254 k
 fontpackages-filesystem      noarch  1.44-8.el7                 base     9.9 k
 giflib                       x86_64  4.1.6-9.el7                base      40 k
 java-1.8.0-openjdk-headless  x86_64  1:1.8.0.191.b12-1.el7_6    updates   32 M
 javapackages-tools           noarch  3.4.1-11.el7               base      73 k
 libICE                       x86_64  1.0.9-9.el7                base      66 k
 libSM                        x86_64  1.2.2-2.el7                base      39 k
 libX11                       x86_64  1.6.5-2.el7                base     606 k
 libX11-common                noarch  1.6.5-2.el7                base     164 k
 libXau                       x86_64  1.0.8-2.1.el7              base      29 k
 libXcomposite                x86_64  0.4.4-4.1.el7              base      22 k
 libXext                      x86_64  1.3.3-3.el7                base      39 k
 libXi                        x86_64  1.7.9-1.el7                base      40 k
 libXrender                   x86_64  0.9.10-1.el7               base      26 k
 libXtst                      x86_64  1.2.3-1.el7                base      20 k
 libfontenc                   x86_64  1.1.3-3.el7                base      31 k
 libjpeg-turbo                x86_64  1.2.90-6.el7               base     134 k
 libpng                       x86_64  2:1.5.13-7.el7_2           base     213 k
 libxcb                       x86_64  1.13-1.el7                 base     214 k
 libxslt                      x86_64  1.1.28-5.el7               base     242 k
 lksctp-tools                 x86_64  1.0.17-2.el7               base      88 k
 python-javapackages          noarch  3.4.1-11.el7               base      31 k
 python-lxml                  x86_64  3.2.1-4.el7                base     758 k
 ttmkfdir                     x86_64  3.0.9-42.el7               base      48 k
 tzdata-java                  noarch  2018g-1.el7                updates  185 k
 xorg-x11-font-utils          x86_64  1:7.5-21.el7               base     104 k
 xorg-x11-fonts-Type1         noarch  7.5-9.el7                  base     521 k
Updating for dependencies:
 freetype                     x86_64  2.8-12.el7                 base     380 k

Transaction Summary
================================================================================
Install  2 Packages (+31 Dependent packages)
Upgrade             (  1 Dependent package)

Total download size: 38 M
Downloading packages:
Delta RPMs disabled because /usr/bin/applydeltarpm not installed.
(1/34): copy-jdk-configs-3.3-10.el7_5.noarch.rpm           |  21 kB   00:00
(2/34): alsa-lib-1.1.6-2.el7.x86_64.rpm                    | 424 kB   00:00
(3/34): dejavu-fonts-common-2.33-6.el7.noarch.rpm          |  64 kB   00:00
(4/34): fontconfig-2.13.0-4.3.el7.x86_64.rpm               | 254 kB   00:00
(5/34): fontpackages-filesystem-1.44-8.el7.noarch.rpm      | 9.9 kB   00:00
(6/34): giflib-4.1.6-9.el7.x86_64.rpm                      |  40 kB   00:00
(7/34): dejavu-sans-fonts-2.33-6.el7.noarch.rpm            | 1.4 MB   00:00
(8/34): libICE-1.0.9-9.el7.x86_64.rpm                      |  66 kB   00:00
(9/34): freetype-2.8-12.el7.x86_64.rpm                     | 380 kB   00:00
(10/34): javapackages-tools-3.4.1-11.el7.noarch.rpm        |  73 kB   00:00
(11/34): java-1.8.0-openjdk-1.8.0.191.b12-1.el7_6.x86_64.r | 254 kB   00:00
(12/34): libX11-common-1.6.5-2.el7.noarch.rpm              | 164 kB   00:00
(13/34): libX11-1.6.5-2.el7.x86_64.rpm                     | 606 kB   00:00
(14/34): libSM-1.2.2-2.el7.x86_64.rpm                      |  39 kB   00:00
(15/34): libXext-1.3.3-3.el7.x86_64.rpm                    |  39 kB   00:00
(16/34): libXau-1.0.8-2.1.el7.x86_64.rpm                   |  29 kB   00:00
(17/34): libXrender-0.9.10-1.el7.x86_64.rpm                |  26 kB   00:00
(18/34): libXcomposite-0.4.4-4.1.el7.x86_64.rpm            |  22 kB   00:00
(19/34): libfontenc-1.1.3-3.el7.x86_64.rpm                 |  31 kB   00:00
(20/34): libXi-1.7.9-1.el7.x86_64.rpm                      |  40 kB   00:00
(21/34): libXtst-1.2.3-1.el7.x86_64.rpm                    |  20 kB   00:00
(22/34): libjpeg-turbo-1.2.90-6.el7.x86_64.rpm             | 134 kB   00:00
(23/34): libpng-1.5.13-7.el7_2.x86_64.rpm                  | 213 kB   00:00
(24/34): libxcb-1.13-1.el7.x86_64.rpm                      | 214 kB   00:00
(25/34): libxslt-1.1.28-5.el7.x86_64.rpm                   | 242 kB   00:00
(26/34): python-javapackages-3.4.1-11.el7.noarch.rpm       |  31 kB   00:00
(27/34): lksctp-tools-1.0.17-2.el7.x86_64.rpm              |  88 kB   00:00
(28/34): unzip-6.0-19.el7.x86_64.rpm                       | 170 kB   00:00
(29/34): xorg-x11-font-utils-7.5-21.el7.x86_64.rpm         | 104 kB   00:00
(30/34): ttmkfdir-3.0.9-42.el7.x86_64.rpm                  |  48 kB   00:00
(31/34): python-lxml-3.2.1-4.el7.x86_64.rpm                | 758 kB   00:00
(32/34): xorg-x11-fonts-Type1-7.5-9.el7.noarch.rpm         | 521 kB   00:00
(33/34): tzdata-java-2018g-1.el7.noarch.rpm                | 185 kB   00:00
(34/34): java-1.8.0-openjdk-headless-1.8.0.191.b12-1.el7_6 |  32 MB   00:01
--------------------------------------------------------------------------------
Total                                               26 MB/s |  38 MB  00:01
Running transaction check
Running transaction test
Transaction test succeeded
Running transaction
  Installing : libxslt-1.1.28-5.el7.x86_64                                 1/35
  Installing : libjpeg-turbo-1.2.90-6.el7.x86_64                           2/35
  Installing : fontpackages-filesystem-1.44-8.el7.noarch                   3/35
  Installing : libICE-1.0.9-9.el7.x86_64                                   4/35
  Installing : 2:libpng-1.5.13-7.el7_2.x86_64                              5/35
  Updating   : freetype-2.8-12.el7.x86_64                                  6/35
  Installing : ttmkfdir-3.0.9-42.el7.x86_64                                7/35
  Installing : libSM-1.2.2-2.el7.x86_64                                    8/35
  Installing : dejavu-fonts-common-2.33-6.el7.noarch                       9/35
  Installing : dejavu-sans-fonts-2.33-6.el7.noarch                        10/35
  Installing : fontconfig-2.13.0-4.3.el7.x86_64                           11/35
  Installing : python-lxml-3.2.1-4.el7.x86_64                             12/35
  Installing : python-javapackages-3.4.1-11.el7.noarch                    13/35
  Installing : javapackages-tools-3.4.1-11.el7.noarch                     14/35
  Installing : libfontenc-1.1.3-3.el7.x86_64                              15/35
  Installing : 1:xorg-x11-font-utils-7.5-21.el7.x86_64                    16/35
  Installing : xorg-x11-fonts-Type1-7.5-9.el7.noarch                      17/35
  Installing : tzdata-java-2018g-1.el7.noarch                             18/35
  Installing : libX11-common-1.6.5-2.el7.noarch                           19/35
  Installing : libXau-1.0.8-2.1.el7.x86_64                                20/35
  Installing : libxcb-1.13-1.el7.x86_64                                   21/35
  Installing : libX11-1.6.5-2.el7.x86_64                                  22/35
  Installing : libXext-1.3.3-3.el7.x86_64                                 23/35
  Installing : libXi-1.7.9-1.el7.x86_64                                   24/35
  Installing : libXtst-1.2.3-1.el7.x86_64                                 25/35
  Installing : giflib-4.1.6-9.el7.x86_64                                  26/35
  Installing : libXrender-0.9.10-1.el7.x86_64                             27/35
  Installing : libXcomposite-0.4.4-4.1.el7.x86_64                         28/35
  Installing : lksctp-tools-1.0.17-2.el7.x86_64                           29/35
  Installing : alsa-lib-1.1.6-2.el7.x86_64                                30/35
  Installing : copy-jdk-configs-3.3-10.el7_5.noarch                       31/35
  Installing : 1:java-1.8.0-openjdk-headless-1.8.0.191.b12-1.el7_6.x86_   32/35
  Installing : 1:java-1.8.0-openjdk-1.8.0.191.b12-1.el7_6.x86_64          33/35
  Installing : unzip-6.0-19.el7.x86_64                                    34/35
  Cleanup    : freetype-2.4.11-15.el7.x86_64                              35/35
  Verifying  : libXext-1.3.3-3.el7.x86_64                                  1/35
  Verifying  : libXi-1.7.9-1.el7.x86_64                                    2/35
  Verifying  : fontconfig-2.13.0-4.3.el7.x86_64                            3/35
  Verifying  : giflib-4.1.6-9.el7.x86_64                                   4/35
  Verifying  : libXrender-0.9.10-1.el7.x86_64                              5/35
  Verifying  : 1:xorg-x11-font-utils-7.5-21.el7.x86_64                     6/35
  Verifying  : python-lxml-3.2.1-4.el7.x86_64                              7/35
  Verifying  : 2:libpng-1.5.13-7.el7_2.x86_64                              8/35
  Verifying  : libICE-1.0.9-9.el7.x86_64                                   9/35
  Verifying  : fontpackages-filesystem-1.44-8.el7.noarch                  10/35
  Verifying  : ttmkfdir-3.0.9-42.el7.x86_64                               11/35
  Verifying  : freetype-2.8-12.el7.x86_64                                 12/35
  Verifying  : copy-jdk-configs-3.3-10.el7_5.noarch                       13/35
  Verifying  : python-javapackages-3.4.1-11.el7.noarch                    14/35
  Verifying  : dejavu-fonts-common-2.33-6.el7.noarch                      15/35
  Verifying  : alsa-lib-1.1.6-2.el7.x86_64                                16/35
  Verifying  : libXcomposite-0.4.4-4.1.el7.x86_64                         17/35
  Verifying  : libXtst-1.2.3-1.el7.x86_64                                 18/35
  Verifying  : libxcb-1.13-1.el7.x86_64                                   19/35
  Verifying  : libjpeg-turbo-1.2.90-6.el7.x86_64                          20/35
  Verifying  : lksctp-tools-1.0.17-2.el7.x86_64                           21/35
  Verifying  : xorg-x11-fonts-Type1-7.5-9.el7.noarch                      22/35
  Verifying  : libxslt-1.1.28-5.el7.x86_64                                23/35
  Verifying  : libX11-1.6.5-2.el7.x86_64                                  24/35
  Verifying  : 1:java-1.8.0-openjdk-1.8.0.191.b12-1.el7_6.x86_64          25/35
  Verifying  : dejavu-sans-fonts-2.33-6.el7.noarch                        26/35
  Verifying  : javapackages-tools-3.4.1-11.el7.noarch                     27/35
  Verifying  : 1:java-1.8.0-openjdk-headless-1.8.0.191.b12-1.el7_6.x86_   28/35
  Verifying  : libXau-1.0.8-2.1.el7.x86_64                                29/35
  Verifying  : libSM-1.2.2-2.el7.x86_64                                   30/35
  Verifying  : libX11-common-1.6.5-2.el7.noarch                           31/35
  Verifying  : tzdata-java-2018g-1.el7.noarch                             32/35
  Verifying  : unzip-6.0-19.el7.x86_64                                    33/35
  Verifying  : libfontenc-1.1.3-3.el7.x86_64                              34/35
  Verifying  : freetype-2.4.11-15.el7.x86_64                              35/35

Installed:
  java-1.8.0-openjdk.x86_64 1:1.8.0.191.b12-1.el7_6  unzip.x86_64 0:6.0-19.el7

Dependency Installed:
  alsa-lib.x86_64 0:1.1.6-2.el7
  copy-jdk-configs.noarch 0:3.3-10.el7_5
  dejavu-fonts-common.noarch 0:2.33-6.el7
  dejavu-sans-fonts.noarch 0:2.33-6.el7
  fontconfig.x86_64 0:2.13.0-4.3.el7
  fontpackages-filesystem.noarch 0:1.44-8.el7
  giflib.x86_64 0:4.1.6-9.el7
  java-1.8.0-openjdk-headless.x86_64 1:1.8.0.191.b12-1.el7_6
  javapackages-tools.noarch 0:3.4.1-11.el7
  libICE.x86_64 0:1.0.9-9.el7
  libSM.x86_64 0:1.2.2-2.el7
  libX11.x86_64 0:1.6.5-2.el7
  libX11-common.noarch 0:1.6.5-2.el7
  libXau.x86_64 0:1.0.8-2.1.el7
  libXcomposite.x86_64 0:0.4.4-4.1.el7
  libXext.x86_64 0:1.3.3-3.el7
  libXi.x86_64 0:1.7.9-1.el7
  libXrender.x86_64 0:0.9.10-1.el7
  libXtst.x86_64 0:1.2.3-1.el7
  libfontenc.x86_64 0:1.1.3-3.el7
  libjpeg-turbo.x86_64 0:1.2.90-6.el7
  libpng.x86_64 2:1.5.13-7.el7_2
  libxcb.x86_64 0:1.13-1.el7
  libxslt.x86_64 0:1.1.28-5.el7
  lksctp-tools.x86_64 0:1.0.17-2.el7
  python-javapackages.noarch 0:3.4.1-11.el7
  python-lxml.x86_64 0:3.2.1-4.el7
  ttmkfdir.x86_64 0:3.0.9-42.el7
  tzdata-java.noarch 0:2018g-1.el7
  xorg-x11-font-utils.x86_64 1:7.5-21.el7
  xorg-x11-fonts-Type1.noarch 0:7.5-9.el7

Dependency Updated:
  freetype.x86_64 0:2.8-12.el7

Complete!
[centos@ip-10-0-1-23 cicd-pipeline-gradle]$ java -version
openjdk version "1.8.0_191"
OpenJDK Runtime Environment (build 1.8.0_191-b12)
OpenJDK 64-Bit Server VM (build 25.191-b12, mixed mode)
[centos@ip-10-0-1-23 cicd-pipeline-gradle]$ echo $PATH
/usr/local/bin:/usr/bin:/usr/local/sbin:/usr/sbin:/home/centos/.local/bin:/home/                                                                                        centos/bin
[centos@ip-10-0-1-23 cicd-pipeline-gradle]$ ./gradlew build
Downloading https://services.gradle.org/distributions/gradle-4.6-bin.zip
......................................................................
Unzipping /home/centos/.gradle/wrapper/dists/gradle-4.6-bin/4jp4stjndanmxuerzfse                                                                                        yb6wo/gradle-4.6-bin.zip to /home/centos/.gradle/wrapper/dists/gradle-4.6-bin/4j                                                                                        p4stjndanmxuerzfseyb6wo
Set executable permissions for: /home/centos/.gradle/wrapper/dists/gradle-4.6-bi                                                                                        n/4jp4stjndanmxuerzfseyb6wo/gradle-4.6/bin/gradle
Starting a Gradle Daemon (subsequent builds will be faster)
Download https://plugins.gradle.org/m2/com/moowork/node/com.moowork.node.gradle.                                                                                        plugin/1.2.0/com.moowork.node.gradle.plugin-1.2.0.pom
Download https://plugins.gradle.org/m2/com/moowork/gradle/gradle-node-plugin/1.2                                                                                        .0/gradle-node-plugin-1.2.0.pom
Download https://plugins.gradle.org/m2/com/moowork/gradle/gradle-node-plugin/1.2                                                                                        .0/gradle-node-plugin-1.2.0.jar
Download https://nodejs.org/dist/v9.11.1/node-v9.11.1-linux-x64.tar.gz

> Task :npmSetup
/home/centos/cicd-pipeline-gradle/.gradle/npm/npm-v5.6.0/bin/npm -> /home/centos                                                                                        /cicd-pipeline-gradle/.gradle/npm/npm-v5.6.0/lib/node_modules/npm/bin/npm-cli.js
/home/centos/cicd-pipeline-gradle/.gradle/npm/npm-v5.6.0/bin/npx -> /home/centos                                                                                        /cicd-pipeline-gradle/.gradle/npm/npm-v5.6.0/lib/node_modules/npm/bin/npx-cli.js
+ npm@5.6.0
added 476 packages in 8.647s

> Task :npmInstall
npm WARN notice [SECURITY] constantinople has the following vulnerability: 1 cri                                                                                        tical. Go here for more details: https://nodesecurity.io/advisories?search=const                                                                                        antinople&version=3.0.2 - Run `npm i npm@latest -g` to upgrade your npm version,                                                                                         and then `npm audit` to get more info.
npm WARN notice [SECURITY] morgan has the following vulnerability: 1 moderate. G                                                                                        o here for more details: https://nodesecurity.io/advisories?search=morgan&versio                                                                                        n=1.9.0 - Run `npm i npm@latest -g` to upgrade your npm version, and then `npm a                                                                                        udit` to get more info.
npm WARN notice [SECURITY] uglify-js has the following vulnerabilities: 2 low. G                                                                                        o here for more details: https://nodesecurity.io/advisories?search=uglify-js&ver                                                                                        sion=2.2.5 - Run `npm i npm@latest -g` to upgrade your npm version, and then `np                                                                                        m audit` to get more info.
added 666 packages in 11.902s


BUILD SUCCESSFUL in 1m 0s
5 actionable tasks: 5 executed
[centos@ip-10-0-1-23 cicd-pipeline-gradle]$ ls -al
total 208
drwxrwxr-x.  13 centos centos   4096 Dec 12 04:35 .
drwx------.   7 centos centos    162 Dec 12 04:34 ..
-rw-rw-r--.   1 centos centos   1079 Dec 12 04:28 app.js
drwxrwxr-x.   2 centos centos     17 Dec 12 04:28 bin
-rw-rw-r--.   1 centos centos    442 Dec 12 04:28 build.gradle
drwxrwxr-x.   2 centos centos     25 Dec 12 04:28 data
drwxrwxr-x.   2 centos centos     27 Dec 12 04:35 dist
drwxrwxr-x.   8 centos centos    163 Dec 12 04:30 .git
-rw-rw-r--.   1 centos centos     26 Dec 12 04:28 .gitignore
drwxrwxr-x.   3 centos centos     21 Dec 12 04:28 gradle
drwxrwxr-x.   7 centos centos     90 Dec 12 04:34 .gradle
-rwxrwxr-x.   1 centos centos   5296 Dec 12 04:28 gradlew
-rw-rw-r--.   1 centos centos   2260 Dec 12 04:28 gradlew.bat
drwxrwxr-x. 133 centos centos   4096 Dec 12 04:35 node_modules
-rw-rw-r--.   1 centos centos    482 Dec 12 04:28 package.json
-rw-rw-r--.   1 centos centos 160017 Dec 12 04:28 package-lock.json
drwxrwxr-x.   4 centos centos     44 Dec 12 04:28 public
-rw-rw-r--.   1 centos centos    571 Dec 12 04:28 README.md
drwxrwxr-x.   2 centos centos     39 Dec 12 04:28 routes
-rw-rw-r--.   1 centos centos    367 Dec 12 04:28 settings.gradle
drwxrwxr-x.   2 centos centos     27 Dec 12 04:28 test
drwxrwxr-x.   2 centos centos     61 Dec 12 04:28 views
[centos@ip-10-0-1-23 cicd-pipeline-gradle]$ cd ..
[centos@ip-10-0-1-23 ~]$ sudo yum -y install epel-release
Loaded plugins: fastestmirror
Loading mirror speeds from cached hostfile
 * base: mirrors.cat.pdx.edu
 * extras: mirrors.cat.pdx.edu
 * updates: mirrors.cat.pdx.edu
Resolving Dependencies
--> Running transaction check
---> Package epel-release.noarch 0:7-11 will be installed
--> Finished Dependency Resolution

Dependencies Resolved

================================================================================
 Package                Arch             Version         Repository        Size
================================================================================
Installing:
 epel-release           noarch           7-11            extras            15 k

Transaction Summary
================================================================================
Install  1 Package

Total download size: 15 k
Installed size: 24 k
Downloading packages:
epel-release-7-11.noarch.rpm                               |  15 kB   00:00
Running transaction check
Running transaction test
Transaction test succeeded
Running transaction
  Installing : epel-release-7-11.noarch                                     1/1
  Verifying  : epel-release-7-11.noarch                                     1/1

Installed:
  epel-release.noarch 0:7-11

Complete!
[centos@ip-10-0-1-23 ~]$ sudo yum install -y wget
Loaded plugins: fastestmirror
Loading mirror speeds from cached hostfile
epel/x86_64/metalink                                     |  14 kB     00:00
 * base: mirrors.cat.pdx.edu
 * epel: mirrors.cat.pdx.edu
 * extras: mirrors.cat.pdx.edu
 * updates: mirrors.cat.pdx.edu
epel                                                     | 3.2 kB     00:00
(1/3): epel/x86_64/group_gz                                |  88 kB   00:00
epel/x86_64/updateinfo         FAILED
http://csc.mcs.sdsmt.edu/epel/7/x86_64/repodata/e3dff41038e40ba871427eac455e5f6c                                                                                        fd0ab11746fce8056533363391063318-updateinfo.xml.bz2: [Errno 14] HTTP Error 404 -                                                                                         Not Found
Trying other mirror.
To address this issue please refer to the below wiki article

https://wiki.centos.org/yum-errors

If above article doesn't help to resolve this issue please use https://bugs.cent                                                                                        os.org/.

(2/3): epel/x86_64/primary                                 | 3.6 MB   00:03
(3/3): epel/x86_64/updateinfo                              | 937 kB   00:01
epel                                                                12738/12738
Resolving Dependencies
--> Running transaction check
---> Package wget.x86_64 0:1.14-18.el7 will be installed
--> Finished Dependency Resolution

Dependencies Resolved

================================================================================
 Package         Arch              Version                Repository       Size
================================================================================
Installing:
 wget            x86_64            1.14-18.el7            base            547 k

Transaction Summary
================================================================================
Install  1 Package

Total download size: 547 k
Installed size: 2.0 M
Downloading packages:
wget-1.14-18.el7.x86_64.rpm                                | 547 kB   00:00
Running transaction check
Running transaction test
Transaction test succeeded
Running transaction
  Installing : wget-1.14-18.el7.x86_64                                      1/1
  Verifying  : wget-1.14-18.el7.x86_64                                      1/1

Installed:
  wget.x86_64 0:1.14-18.el7

Complete!
[centos@ip-10-0-1-23 ~]$ sudo wget -O /etc/yum.repos.d/jenkins.reop http://pkg.j                                                                                        enkins-ci.org/redhat-stable/jenkins.reop
--2018-12-12 04:39:39--  http://pkg.jenkins-ci.org/redhat-stable/jenkins.reop
Resolving pkg.jenkins-ci.org (pkg.jenkins-ci.org)... 52.202.51.185
Connecting to pkg.jenkins-ci.org (pkg.jenkins-ci.org)|52.202.51.185|:80... conne                                                                                        cted.
HTTP request sent, awaiting response... 404 Not Found
2018-12-12 04:39:39 ERROR 404: Not Found.

[centos@ip-10-0-1-23 ~]$ sudo wget -O /etc/yum.repos.d/jenkins.reop http://pkg.j                                                                                        enkins-ci.org/redhat-stable/jenkins.repo
--2018-12-12 04:39:46--  http://pkg.jenkins-ci.org/redhat-stable/jenkins.repo
Resolving pkg.jenkins-ci.org (pkg.jenkins-ci.org)... 52.202.51.185
Connecting to pkg.jenkins-ci.org (pkg.jenkins-ci.org)|52.202.51.185|:80... conne                                                                                        cted.
HTTP request sent, awaiting response... 200 OK
Length: 85
Saving to: /etc/yum.repos.d/jenkins.reop

100%[======================================>] 85          --.-K/s   in 0s

2018-12-12 04:39:46 (14.2 MB/s) - /etc/yum.repos.d/jenkins.reop saved [85/85]

[centos@ip-10-0-1-23 ~]$ sudo rpm --import https://jenkins-ci.org/redhat/jenkins                                                                                        -ci.org.key
[centos@ip-10-0-1-23 ~]$ sudo yum install -y jenkins-2.121.1
Loaded plugins: fastestmirror
Loading mirror speeds from cached hostfile
 * base: mirrors.cat.pdx.edu
 * epel: mirrors.cat.pdx.edu
 * extras: mirrors.cat.pdx.edu
 * updates: mirrors.cat.pdx.edu
No package jenkins-2.121.1 available.
Error: Nothing to do
[centos@ip-10-0-1-23 ~]$ sudo yum install -y jenkins-2.121.1
Loaded plugins: fastestmirror
Loading mirror speeds from cached hostfile
 * base: mirrors.cat.pdx.edu
 * epel: mirrors.cat.pdx.edu
 * extras: mirrors.cat.pdx.edu
 * updates: mirrors.cat.pdx.edu
No package jenkins-2.121.1 available.
Error: Nothing to do
[centos@ip-10-0-1-23 ~]$ jenkins -version
-bash: jenkins: command not found
[centos@ip-10-0-1-23 ~]$ jenkins --version
-bash: jenkins: command not found
[centos@ip-10-0-1-23 ~]$ sudo wget -O /etc/yum.repos.d/jenkins.repo http://pkg.jenkins-ci.org/redhat-stable/jenkins.repo
--2018-12-12 04:44:52--  http://pkg.jenkins-ci.org/redhat-stable/jenkins.repo
Resolving pkg.jenkins-ci.org (pkg.jenkins-ci.org)... 52.202.51.185
Connecting to pkg.jenkins-ci.org (pkg.jenkins-ci.org)|52.202.51.185|:80... connected.
HTTP request sent, awaiting response... 200 OK
Length: 85
Saving to: /etc/yum.repos.d/jenkins.repo

100%[==============================================================================================================================>] 85          --.-K/s   in 0s

2018-12-12 04:44:52 (14.5 MB/s) - /etc/yum.repos.d/jenkins.repo saved [85/85]

[centos@ip-10-0-1-23 ~]$ sudo rpm --import https://jenkins-ci.org/redhat/jenkins-ci.org.key
[centos@ip-10-0-1-23 ~]$ sudo yum install -y jenkins-2.121.1
Loaded plugins: fastestmirror
Loading mirror speeds from cached hostfile
 * base: mirrors.cat.pdx.edu
 * epel: mirrors.cat.pdx.edu
 * extras: mirrors.cat.pdx.edu
 * updates: mirrors.cat.pdx.edu
jenkins                                                                                                                                          | 2.9 kB  00:00:00
jenkins/primary_db                                                                                                                               |  26 kB  00:00:00
Resolving Dependencies
--> Running transaction check
---> Package jenkins.noarch 0:2.121.1-1.1 will be installed
--> Finished Dependency Resolution

Dependencies Resolved

========================================================================================================================================================================
 Package                                Arch                                  Version                                      Repository                              Size
========================================================================================================================================================================
Installing:
 jenkins                                noarch                                2.121.1-1.1                                  jenkins                                 71 M

Transaction Summary
========================================================================================================================================================================
Install  1 Package

Total download size: 71 M
Installed size: 71 M
Downloading packages:
jenkins-2.121.1-1.1.noarch.rpm                                                                                                                   |  71 MB  00:00:02
Running transaction check
Running transaction test
Transaction test succeeded
Running transaction
  Installing : jenkins-2.121.1-1.1.noarch                                                                                                                           1/1
  Verifying  : jenkins-2.121.1-1.1.noarch                                                                                                                           1/1

Installed:
  jenkins.noarch 0:2.121.1-1.1

Complete!
[centos@ip-10-0-1-23 ~]$ sudo vi  /etc/sysconfig/jenkins
[centos@ip-10-0-1-23 ~]$ sudo chown -R root:root /var/lib/jenkins
[centos@ip-10-0-1-23 ~]$ sudo chown -R root:root /var/cache/jenkins
[centos@ip-10-0-1-23 ~]$ sudo chown -R root:root /var/log/jenkins
[centos@ip-10-0-1-23 ~]$ ps -ef | grep jenkins
centos    9198  8652  0 04:50 pts/0    00:00:00 grep --color=auto jenkins
[centos@ip-10-0-1-23 ~]$ sudo systemctl enable jenkins
jenkins.service is not a native service, redirecting to /sbin/chkconfig.
Executing /sbin/chkconfig jenkins on
[centos@ip-10-0-1-23 ~]$ sudo systemctl start jenkins
[centos@ip-10-0-1-23 ~]$ top
top - 04:52:11 up  2:24,  1 user,  load average: 0.34, 0.22, 0.17
Tasks:  81 total,   1 running,  80 sleeping,   0 stopped,   0 zombie
%Cpu(s):  0.0 us,  0.0 sy,  0.0 ni,100.0 id,  0.0 wa,  0.0 hi,  0.0 si,  0.0 st
KiB Mem :  1013892 total,    82264 free,   498104 used,   433524 buff/cache
KiB Swap:        0 total,        0 free,        0 used.   312096 avail Mem
  scroll coordinates: y = 1/81 (tasks), x = 1/12 (fields)
  PID USER      PR  NI    VIRT    RES    SHR S %CPU %MEM     TIME+ COMMAND
 8864 centos    20   0 3138000 207584  11688 S  0.3 20.5   0:25.39 java
 9302 centos    20   0  161852   2180   1540 R  0.3  0.2   0:00.07 top
    1 root      20   0  128372   5700   2832 S  0.0  0.6   0:04.00 systemd
    2 root      20   0       0      0      0 S  0.0  0.0   0:00.00 kthreadd
    3 root      20   0       0      0      0 S  0.0  0.0   0:00.05 ksoftirqd/0
    5 root       0 -20       0      0      0 S  0.0  0.0   0:00.00 kworker/0:0H
    6 root      20   0       0      0      0 S  0.0  0.0   0:00.00 kworker/u30:0
    7 root      rt   0       0      0      0 S  0.0  0.0   0:00.00 migration/0
    8 root      20   0       0      0      0 S  0.0  0.0   0:00.00 rcu_bh
    9 root      20   0       0      0      0 S  0.0  0.0   0:00.43 rcu_sched
   10 root       0 -20       0      0      0 S  0.0  0.0   0:00.00 lru-add-drain
   11 root      rt   0       0      0      0 S  0.0  0.0   0:00.04 watchdog/0
   13 root      20   0       0      0      0 S  0.0  0.0   0:00.00 kdevtmpfs
   14 root       0 -20       0      0      0 S  0.0  0.0   0:00.00 netns
   15 root      20   0       0      0      0 S  0.0  0.0   0:00.03 xenwatch
   16 root      20   0       0      0      0 S  0.0  0.0   0:00.00 xenbus
   18 root      20   0       0      0      0 S  0.0  0.0   0:00.00 khungtaskd
   19 root       0 -20       0      0      0 S  0.0  0.0   0:00.00 writeback
   20 root       0 -20       0      0      0 S  0.0  0.0   0:00.00 kintegrityd
   21 root       0 -20       0      0      0 S  0.0  0.0   0:00.00 bioset
   22 root       0 -20       0      0      0 S  0.0  0.0   0:00.00 kblockd
   23 root       0 -20       0      0      0 S  0.0  0.0   0:00.00 md
   24 root       0 -20       0      0      0 S  0.0  0.0   0:00.00 edac-poller
   29 root      20   0       0      0      0 S  0.0  0.0   0:00.20 kswapd0
   30 root      25   5       0      0      0 S  0.0  0.0   0:00.00 ksmd
   31 root      39  19       0      0      0 S  0.0  0.0   0:00.03 khugepaged
   32 root       0 -20       0      0      0 S  0.0  0.0   0:00.00 crypto
   40 root       0 -20       0      0      0 S  0.0  0.0   0:00.00 kthrotld
   41 root      20   0       0      0      0 S  0.0  0.0   0:00.37 kworker/u30:1
   42 root       0 -20       0      0      0 S  0.0  0.0   0:00.00 kmpath_rdacd
   43 root       0 -20       0      0      0 S  0.0  0.0   0:00.00 kaluad
   44 root       0 -20       0      0      0 S  0.0  0.0   0:00.00 kpsmoused
   46 root       0 -20       0      0      0 S  0.0  0.0   0:00.00 ipv6_addrconf
   59 root       0 -20       0      0      0 S  0.0  0.0   0:00.00 deferwq
  165 root      20   0       0      0      0 S  0.0  0.0   0:00.00 kauditd
  176 root       0 -20       0      0      0 S  0.0  0.0   0:00.00 rpciod
  177 root       0 -20       0      0      0 S  0.0  0.0   0:00.00 xprtiod
[centos@ip-10-0-1-23 ~]$ sudo service jenkins restart
Restarting jenkins (via systemctl):                        [  OK  ]
[centos@ip-10-0-1-23 ~]$ top
top - 04:54:57 up  2:27,  1 user,  load average: 0.06, 0.18, 0.17
Tasks:  80 total,   1 running,  79 sleeping,   0 stopped,   0 zombie
%Cpu(s):  0.0 us,  0.0 sy,  0.0 ni,100.0 id,  0.0 wa,  0.0 hi,  0.0 si,  0.0 st
KiB Mem :  1013892 total,   138688 free,   420936 used,   454268 buff/cache
KiB Swap:        0 total,        0 free,        0 used.   389488 avail Mem

  PID USER      PR  NI    VIRT    RES    SHR S %CPU %MEM     TIME+ COMMAND
 8864 centos    20   0 3138000 207584  11688 S  0.3 20.5   0:25.55 java
    1 root      20   0  128372   5728   2860 S  0.0  0.6   0:04.02 systemd
    2 root      20   0       0      0      0 S  0.0  0.0   0:00.00 kthreadd
    3 root      20   0       0      0      0 S  0.0  0.0   0:00.05 ksoftirqd/0
    5 root       0 -20       0      0      0 S  0.0  0.0   0:00.00 kworker/0:0H
    6 root      20   0       0      0      0 S  0.0  0.0   0:00.00 kworker/u30:0
    7 root      rt   0       0      0      0 S  0.0  0.0   0:00.00 migration/0
    8 root      20   0       0      0      0 S  0.0  0.0   0:00.00 rcu_bh
    9 root      20   0       0      0      0 S  0.0  0.0   0:00.43 rcu_sched
   10 root       0 -20       0      0      0 S  0.0  0.0   0:00.00 lru-add-drain
   11 root      rt   0       0      0      0 S  0.0  0.0   0:00.04 watchdog/0
   13 root      20   0       0      0      0 S  0.0  0.0   0:00.00 kdevtmpfs
   14 root       0 -20       0      0      0 S  0.0  0.0   0:00.00 netns
   15 root      20   0       0      0      0 S  0.0  0.0   0:00.03 xenwatch
   16 root      20   0       0      0      0 S  0.0  0.0   0:00.00 xenbus
   18 root      20   0       0      0      0 S  0.0  0.0   0:00.00 khungtaskd
   19 root       0 -20       0      0      0 S  0.0  0.0   0:00.00 writeback
   20 root       0 -20       0      0      0 S  0.0  0.0   0:00.00 kintegrityd
   21 root       0 -20       0      0      0 S  0.0  0.0   0:00.00 bioset
   22 root       0 -20       0      0      0 S  0.0  0.0   0:00.00 kblockd
   23 root       0 -20       0      0      0 S  0.0  0.0   0:00.00 md
   24 root       0 -20       0      0      0 S  0.0  0.0   0:00.00 edac-poller
   29 root      20   0       0      0      0 S  0.0  0.0   0:00.20 kswapd0
   30 root      25   5       0      0      0 S  0.0  0.0   0:00.00 ksmd
   31 root      39  19       0      0      0 S  0.0  0.0   0:00.03 khugepaged
   32 root       0 -20       0      0      0 S  0.0  0.0   0:00.00 crypto
   40 root       0 -20       0      0      0 S  0.0  0.0   0:00.00 kthrotld
   41 root      20   0       0      0      0 S  0.0  0.0   0:00.38 kworker/u30:1
   42 root       0 -20       0      0      0 S  0.0  0.0   0:00.00 kmpath_rdacd
   43 root       0 -20       0      0      0 S  0.0  0.0   0:00.00 kaluad
   44 root       0 -20       0      0      0 S  0.0  0.0   0:00.00 kpsmoused
   46 root       0 -20       0      0      0 S  0.0  0.0   0:00.00 ipv6_addrconf
   59 root       0 -20       0      0      0 S  0.0  0.0   0:00.00 deferwq
  165 root      20   0       0      0      0 S  0.0  0.0   0:00.00 kauditd
  176 root       0 -20       0      0      0 S  0.0  0.0   0:00.00 rpciod
  177 root       0 -20       0      0      0 S  0.0  0.0   0:00.00 xprtiod
  240 root       0 -20       0      0      0 S  0.0  0.0   0:00.00 ata_sff
[centos@ip-10-0-1-23 ~]$ sudo cat /var/lib/jenkins/secrets/initialAdminPassword
cbbed3e8bca54e148a547e10df798b55